[inoscuisine.com/index.html]
[backblue.gif]
[fade.gif]
[index.html]
[inos.aksisoft.com/wp-content/uploads/2015/05/logo-01-01.png]
[netdna.bootstrapcdn.com/bootswatch/3.1.1/united/bootstrap.min.css]
[netdna.bootstrapcdn.com/font-awesome/4.0.3/css/font-awesome.min.css]
[ajax.googleapis.com/ajax/libs/jquery/1.5.2/jquery.min.js]
[ajax.googleapis.com/ajax/libs/jqueryui/1.8.5/jquery-ui.min.js]
[inoscuisine.com/js/jquery.easing.1.3.js]
[inoscuisine.com/js/raphael-min.js]
[inoscuisine.com/fonts/quicksand.eot]
[inoscuisine.com/fonts/quicksandd41d.eot]
[inoscuisine.com/fonts/quicksand.woff]
[inoscuisine.com/fonts/quicksand.ttf]
[inoscuisine.com/fonts/quicksand.svg]
[inoscuisine.com/fonts/quicksand-regular.eot]
[inoscuisine.com/fonts/quicksand-regulard41d.eot]
[inoscuisine.com/fonts/quicksand-regular.woff]
[inoscuisine.com/fonts/quicksand-regular.ttf]
[inoscuisine.com/fonts/quicksand-regular.svg]
[inoscuisine.com/fonts/eras.ttf]
[inoscuisine.com/fonts/fontello644e.eot]
[inoscuisine.com/fonts/fontello644e.woff]
[inoscuisine.com/fonts/fontello644e.ttf]
[inoscuisine.com/fonts/fontello644e.svg]
[inoscuisine.com/products-page/cookie/index.html]
[netdna.bootstrapcdn.com/bootstrap/3.0.3/js/bootstrap.min.js]
[inoscuisine.com/index.html]
[inoscuisine.com/xmlrpc.php]
[netdna.bootstrapcdn.com/bootswatch/3.1.1/united/bootstrap.min.css]
[netdna.bootstrapcdn.com/font-awesome/4.0.3/css/font-awesome.min.css]
[inoscuisine.com/fonts/quicksand.html]
[inoscuisine.com/fonts/quicksandd41d.html]
[inoscuisine.com/fonts/quicksand-2.html]
[inoscuisine.com/fonts/quicksand-3.html]
[inoscuisine.com/fonts/quicksand-4.html]
[inoscuisine.com/fonts/quicksand-regular.html]
[inoscuisine.com/fonts/quicksand-regulard41d.html]
[inoscuisine.com/fonts/quicksand-regular-2.html]
[inoscuisine.com/fonts/quicksand-regular-3.html]
[inoscuisine.com/fonts/quicksand-regular-4.html]
[inoscuisine.com/fonts/eras.html]
[inoscuisine.com/fonts/fontello644e.html]
[inoscuisine.com/fonts/fontello644e-2.html]
[inoscuisine.com/fonts/fontello644e-3.html]
[inoscuisine.com/fonts/fontello644e-4.html]
[inoscuisine.com/home/index.html]
[inoscuisine.com/wp-content/themes/storefront-paper/js/modernizr.custom.js]
[inoscuisine.com/about/index.html]
[inoscuisine.com/contact-us/index.html]
[inoscuisine.com/wp-content/plugins/wp-e-commerce/wpsc-components/fancy-notifications/css/fancy-notifications5152.css]
[inoscuisine.com/wp-content/themes/storefront-paper/stylec8f9.css]
[inoscuisine.com/comments/feed/index.html]
[inoscuisine.com/wp-content/plugins/easy-fancybox/css/jquery.fancybox.1.3.23.min.css]
[inoscuisine.com/feed/index.html]
[ajax.googleapis.com/ajax/libs/jquery/1.8.2/jquery.minc245.js]
[inoscuisine.com/wp-content/plugins/wp-e-commerce/wpsc-core/js/wp-e-commercea74d.js]
[inoscuisine.com/wp-content/plugins/wp-e-commerce/wpsc-core/js/user9071.js]
[inoscuisine.com/wp-content/plugins/wp-e-commerce/wpsc-core/js/thickboxa74d.js]
[inoscuisine.com/wp-content/plugins/wp-e-commerce/wpsc-components/fancy-notifications/js/fancy-notifications5152.js]
[inoscuisine.com/xmlrpc0db0.php]
[inoscuisine.com/wp-json/index.html]
[inoscuisine.com/wp-json/oembed/1.0/embed572d]
[inoscuisine.com/products-page/index.html]
[inoscuisine.com/wp-json/oembed/1.0/embed0d9a]
[inoscuisine.com/index2435.html]
[inoscuisine.com/products-page/cuisine/index.html]
[inoscuisine.com/products-page/anniversary/index.html]
[inoscuisine.com/products-page/dessert/index.html]
[inoscuisine.com/wp-content/uploads/2014/05/tumblr_mkdei6E3Xx1s773u2o2_1280.jpg]
[inoscuisine.com/wp-content/uploads/2016/01/DSCF7200.jpg]
[inoscuisine.com/wp-content/uploads/2016/01/inos109.jpg]
[inoscuisine.com/wp-content/uploads/2016/01/inos107.jpg]
[inoscuisine.com/wp-content/uploads/2016/01/inos103.jpg]
[inoscuisine.com/wp-content/uploads/2016/01/inos41.jpg]
[inoscuisine.com/wp-content/uploads/2016/01/inos70.jpg]
[inoscuisine.com/wp-content/uploads/2016/01/inos1.jpg]
[inoscuisine.com/wp-content/uploads/2015/08/DSCF6394.jpg]
[inoscuisine.com/wp-content/uploads/2015/06/menucitruzprint-02.jpg]
[inoscuisine.com/wp-content/uploads/2015/05/tumblr_mjc6afxKWE1s773u2o1_r1_1280.jpg]
[inoscuisine.com/wp-content/uploads/2015/05/tumblr_mjc5c2RbpR1s773u2o1_r1_12802.jpg]
[inoscuisine.com/wp-content/uploads/2015/05/tumblr_mjc8gxPaaw1s773u2o2_r3_1280-1.jpg]
[inoscuisine.com/wp-content/uploads/2015/05/tumblr_mjc8gxPaaw1s773u2o4_r1_1280-1.jpg]
[inoscuisine.com/wp-content/uploads/2015/05/tumblr_mjc8gxPaaw1s773u2o1_r2_1280-1.jpg]
[inoscuisine.com/wp-content/uploads/2015/05/tumblr_mjc8uaAeM51s773u2o1_r1_1280.jpg]
[inoscuisine.com/wp-content/uploads/2015/05/tumblr_mjc8yyImVH1s773u2o1_r1_12801.jpg]
[inoscuisine.com/wp-content/uploads/2015/05/tumblr_mjlg2rpptF1s773u2o1_r1_1280.jpg]
[inoscuisine.com/wp-content/uploads/2015/05/tumblr_mix781WmnM1s773u2o1_1280-e1432888682421.jpg]
[inoscuisine.com/wp-content/uploads/2015/05/tumblr_mixa6zdcU51s773u2o1_r1_1280.jpg]
[inoscuisine.com/wp-content/uploads/2015/05/tumblr_mix7f0zKbr1s773u2o1_1280-1-e1432888323734.jpg]
[inoscuisine.com/wp-content/uploads/2015/05/tumblr_mix8fhL61v1s773u2o1_1280-e1432888825640.jpg]
[inoscuisine.com/wp-content/uploads/2015/05/tumblr_mixa35XQJK1s773u2o1_1280-e1432889036208.jpg]
[inoscuisine.com/wp-content/uploads/2015/05/tumblr_mix65acYCq1s773u2o1_12801-e1432889142806.jpg]
[inoscuisine.com/wp-content/uploads/2014/05/tumblr_mkdcamKy1A1s773u2o3_1280.jpg]
[inoscuisine.com/wp-content/themes/storefront-paper/img/cv.jpg]
[inoscuisine.com/products-page/anniversary/anotherproject/index.html]
[inoscuisine.com/products-page/anniversary/assorted-inos-cake/index.html]
[inoscuisine.com/products-page/anniversary/assorted-inos-pudding/index.html]
[inoscuisine.com/products-page/anniversary/praline-chocolate/index.html]
[inoscuisine.com/products-page/anniversary/208-2/index.html]
[inoscuisine.com/products-page/anniversary/sirloin-steak/index.html]
[inoscuisine.com/products-page/anniversary/inos-peking-duck-specialities/index.html]
[inoscuisine.com/products-page/anniversary/premium-catering-bank-jateng-event-at-semarang/index.html]
[inoscuisine.com/products-page/anniversary/now-we-are-at-zest-hotel-surabaya/index.html]
[inoscuisine.com/products-page/cuisine/beef-paillard-with-cafe-de-paris-butter/index.html]
[inoscuisine.com/products-page/cuisine/roast-lamb-cutlet-with-herbs-provencale/index.html]
[inoscuisine.com/products-page/cuisine/us-top-blade-with-shalot/index.html]
[inoscuisine.com/products-page/cuisine/chicken-steak/index.html]
[inoscuisine.com/products-page/cuisine/australian-sirloin-steak/index.html]
[inoscuisine.com/products-page/cuisine/inos-selection-of-steak/index.html]
[inoscuisine.com/products-page/cuisine/grilled-salmon-with-herbs-with-gribiche-sauce/index.html]
[inoscuisine.com/products-page/cuisine/grilled-prawn-with-provencale-butter/index.html]
[inoscuisine.com/products-page/cuisine/dori-fillet-with-lemon-and-herbs-butter-sauce/index.html]
[inoscuisine.com/products-page/dessert/crepe-suzzete/index.html]
[inoscuisine.com/products-page/dessert/chocolate-mousse-with-mint-sauce/index.html]
[inoscuisine.com/products-page/dessert/fruits-charlotte-with-raspberry-coulis/index.html]
[inoscuisine.com/products-page/dessert/croquembouche/index.html]
[inoscuisine.com/products-page/dessert/apple-tart-a-la-tatin/index.html]
[inoscuisine.com/wp-content/themes/storefront-paper/js/layout.js]
[ws.sharethis.com/button/buttonsc8f9.js]
[inoscuisine.com/products-page/dessert/floating-island-creme-pudding-served-with-vanila-sauce/index.html]
[inoscuisine.com/wp-content/themes/storefront-paper/js/small-menu11a8.js]
[inoscuisine.com/wp-content/plugins/easy-fancybox/js/jquery.fancybox.1.3.23.min.js]
[inoscuisine.com/wp-content/plugins/easy-fancybox/js/jquery.easing.1.4.1.min.js]
[inoscuisine.com/wp-content/plugins/easy-fancybox/js/jquery.mousewheel.3.1.13.min.js]
[inoscuisine.com/products-page/cookie/index.html]
[inoscuisine.com/wp-json/oembed/1.0/embed5b63.json]
[inoscuisine.com/home/feed/index.html]
[inoscuisine.com/wp-json/oembed/1.0/embed7cbe]
[inoscuisine.com/home/index.html]
[inoscuisine.com/wp-json/oembed/1.0/embed4b61.json]
[inoscuisine.com/contact-us/feed/index.html]
[inoscuisine.com/contact-us/index.html]
[inoscuisine.com/wp-json/oembed/1.0/embedcce7]
[inoscuisine.com/wp-json/oembed/1.0/embed65bd.json]
[inoscuisine.com/about/feed/index.html]
[inoscuisine.com/about/index.html]
[inoscuisine.com/wp-content/plugins/wp-e-commerce/wpsc-components/fancy-notifications/css/fancy-notifications5152.css]
[inoscuisine.com/wp-json/oembed/1.0/embed77ca]
[inoscuisine.com/wp-content/themes/storefront-paper/fonts/quicksand.eot]
[inoscuisine.com/wp-content/themes/storefront-paper/fonts/quicksandd41d.eot]
[inoscuisine.com/wp-content/themes/storefront-paper/fonts/quicksand.woff]
[inoscuisine.com/wp-content/themes/storefront-paper/fonts/quicksand.ttf]
[inoscuisine.com/wp-content/themes/storefront-paper/fonts/quicksand.svg]
[inoscuisine.com/wp-content/themes/storefront-paper/fonts/quicksand-regular.eot]
[inoscuisine.com/wp-content/themes/storefront-paper/fonts/quicksand-regulard41d.eot]
[inoscuisine.com/wp-content/themes/storefront-paper/fonts/quicksand-regular.woff]
[inoscuisine.com/wp-content/themes/storefront-paper/fonts/quicksand-regular.ttf]
[inoscuisine.com/wp-content/themes/storefront-paper/fonts/quicksand-regular.svg]
[inoscuisine.com/wp-content/themes/storefront-paper/fonts/eras.ttf]
[inoscuisine.com/wp-content/themes/storefront-paper/fonts/fontello644e.eot]
[inoscuisine.com/wp-content/themes/storefront-paper/fonts/fontello644e.woff]
[inoscuisine.com/wp-content/themes/storefront-paper/fonts/fontello644e.ttf]
[inoscuisine.com/wp-content/themes/storefront-paper/fonts/fontello644e.svg]
[inoscuisine.com/wp-content/themes/storefront-paper/img/close.png]
[inoscuisine.com/wp-content/themes/storefront-paper/img/loading.gif]
[inoscuisine.com/wp-content/themes/storefront-paper/img/prev.png]
[inoscuisine.com/wp-content/themes/storefront-paper/img/next.png]
[inoscuisine.com/wp-content/themes/storefront-paper/img/home-bg.jpg]
[inoscuisine.com/wp-content/themes/storefront-paper/img/texture.jpg]
[inoscuisine.com/wp-content/themes/storefront-paper/img/contact-bg.jpg]
[inoscuisine.com/wp-content/themes/storefront-paper/img/logo.png]
[inoscuisine.com/wp-content/themes/storefront-paper/img/sprite.png]
[inoscuisine.com/wp-content/themes/storefront-paper/img/arrow-bg-1.png]
[inoscuisine.com/wp-content/themes/storefront-paper/img/arrow-bg-2.png]
[inoscuisine.com/wp-content/themes/storefront-paper/img/architecture/poolbar.jpg]
[inoscuisine.com/wp-content/themes/storefront-paper/img/architecture/out-divider.jpg]
[inoscuisine.com/wp-content/themes/storefront-paper/img/architecture/theater.jpg]
[inoscuisine.com/wp-content/themes/storefront-paper/img/architecture/in-divider.jpg]
[inoscuisine.com/wp-content/themes/storefront-paper/img/architecture/3spot.jpg]
[inoscuisine.com/wp-content/themes/storefront-paper/img/architecture/wine-holder.jpg]
[inoscuisine.com/wp-content/themes/storefront-paper/img/architecture/resident.jpg]
[inoscuisine.com/wp-content/themes/storefront-paper/img/architecture/museum.jpg]
[inoscuisine.com/wp-content/themes/storefront-paper/img/architecture/triangle.jpg]
[inoscuisine.com/wp-content/themes/storefront-paper/img/graphics/cards.jpg]
[inoscuisine.com/wp-content/themes/storefront-paper/img/graphics/cv.jpg]
[inoscuisine.com/wp-content/themes/storefront-paper/img/graphics/oltre.jpg]
[inoscuisine.com/wp-content/themes/storefront-paper/img/graphics/oltre-bar.jpg]
[inoscuisine.com/wp-content/themes/storefront-paper/img/graphics/thesis.jpg]
[inoscuisine.com/wp-content/themes/storefront-paper/img/graphics/menu.jpg]
[inoscuisine.com/wp-content/themes/storefront-paper/img/graphics/ventalia.jpg]
[inoscuisine.com/wp-content/themes/storefront-paper/img/graphics/logos.jpg]
[inoscuisine.com/wp-content/themes/storefront-paper/img/graphics/posters.jpg]
[inoscuisine.com/wp-content/themes/storefront-paper/img/design-award-white-gray.png]
[inoscuisine.com/wp-content/themes/storefront-paper/stylec8f9.css]
[inoscuisine.com/wp-content/plugins/easy-fancybox/images/fancybox.png]
[inoscuisine.com/wp-content/plugins/easy-fancybox/images/fancybox-x.png]
[inoscuisine.com/wp-content/plugins/easy-fancybox/css/jquery.fancybox.1.3.23.min.css]
[inoscuisine.com/wp-json/oembed/1.0/embed4ed8.json]
[inoscuisine.com/wp-json/oembed/1.0/embedd105]
[inoscuisine.com/products-page/index.html]
[inoscuisine.com/index5c7e.html]
[inoscuisine.com/wp-json/oembed/1.0/embed572d.json]
[inoscuisine.com/wp-json/oembed/1.0/embed0d9a]
[inoscuisine.com/products-page/anniversary/index.html]
[inoscuisine.com/products-page/cuisine/index.html]
[inoscuisine.com/products-page/dessert/index.html]
[inoscuisine.com/products-page/cuisine/feed/index.html]
[inoscuisine.com/products-page/dessert/feed/index.html]
[inoscuisine.com/products-page/anniversary/feed/index.html]
[inoscuisine.com/wp-json/oembed/1.0/embed83ff.json]
[inoscuisine.com/wp-json/oembed/1.0/embed07a9]
[inoscuisine.com/wp-content/uploads/2016/01/DSCF7263.jpg]
[inoscuisine.com/wp-content/uploads/2016/01/DSCF7262.jpg]
[inoscuisine.com/wp-content/uploads/2016/01/DSCF7249.jpg]
[inoscuisine.com/wp-content/uploads/2016/01/DSCF7261.jpg]
[inoscuisine.com/wp-content/uploads/2016/01/DSCF7258.jpg]
[inoscuisine.com/wp-content/uploads/2016/01/DSCF7218.jpg]
[inoscuisine.com/wp-content/uploads/2016/01/DSCF72081.jpg]
[inoscuisine.com/wp-content/uploads/2016/01/DSCF7198.jpg]
[inoscuisine.com/wp-content/uploads/2016/01/DSCF7209.jpg]
[inoscuisine.com/wp-content/uploads/2016/01/DSCF71631.jpg]
[inoscuisine.com/wp-content/uploads/2016/01/DSCF7251.jpg]
[inoscuisine.com/wp-content/uploads/2016/01/DSCF7238.jpg]
[inoscuisine.com/wp-content/uploads/2016/01/DSCF7208.jpg]
[inoscuisine.com/wp-content/uploads/2016/01/DSCF7204.jpg]
[inoscuisine.com/wp-content/uploads/2016/01/DSCF7168.jpg]
[inoscuisine.com/wp-content/uploads/2016/01/DSCF7163.jpg]
[inoscuisine.com/wp-content/uploads/2016/01/DSCF7162.jpg]
[inoscuisine.com/wp-content/uploads/2016/01/DSCF7230.jpg]
[inoscuisine.com/wp-content/uploads/2016/01/DSCF7256.jpg]
[inoscuisine.com/wp-content/uploads/2016/01/DSCF7257.jpg]
[inoscuisine.com/wp-content/plugins/wp-e-commerce/wpsc-components/theme-engine-v1/templates/wpsc-images/indicator.gif]
[inoscuisine.com/products-page/anniversary/anotherproject/index.html]
[inoscuisine.com/wp-json/oembed/1.0/embed43e1.json]
[inoscuisine.com/wp-json/oembed/1.0/embed59b8]
[inoscuisine.com/wp-content/uploads/2016/01/inos110.jpg]
[inoscuisine.com/wp-content/uploads/2016/01/inos116.jpg]
[inoscuisine.com/wp-content/uploads/2016/01/inos114.jpg]
[inoscuisine.com/wp-content/uploads/2016/01/inos121.jpg]
[inoscuisine.com/wp-content/uploads/2016/01/inos123.jpg]
[inoscuisine.com/products-page/anniversary/assorted-inos-cake/index.html]
[inoscuisine.com/wp-json/oembed/1.0/embed3929.json]
[inoscuisine.com/wp-json/oembed/1.0/embedd73b]
[inoscuisine.com/wp-content/uploads/2016/01/inos117.jpg]
[inoscuisine.com/wp-content/uploads/2016/01/inos118.jpg]
[inoscuisine.com/wp-content/uploads/2016/01/inos108.jpg]
[inoscuisine.com/products-page/anniversary/assorted-inos-pudding/index.html]
[inoscuisine.com/wp-json/oembed/1.0/embedf6fe.json]
[inoscuisine.com/wp-json/oembed/1.0/embedaa36]
[inoscuisine.com/wp-content/uploads/2016/01/inos104.jpg]
[inoscuisine.com/wp-content/uploads/2016/01/inos105.jpg]
[inoscuisine.com/wp-content/uploads/2016/01/inos106.jpg]
[inoscuisine.com/products-page/anniversary/praline-chocolate/index.html]
[inoscuisine.com/wp-json/oembed/1.0/embed1bdb.json]
[inoscuisine.com/wp-json/oembed/1.0/embedb2f4]
[inoscuisine.com/wp-content/uploads/2016/01/inos32.jpg]
[inoscuisine.com/wp-content/uploads/2016/01/inos73.jpg]
[inoscuisine.com/wp-content/uploads/2016/01/inos42.jpg]
[inoscuisine.com/wp-content/uploads/2016/01/inos39.jpg]
[inoscuisine.com/wp-content/uploads/2016/01/inos40.jpg]
[inoscuisine.com/products-page/anniversary/208-2/index.html]
[inoscuisine.com/wp-json/oembed/1.0/embed790d.json]
[inoscuisine.com/wp-json/oembed/1.0/embed7769]
[inoscuisine.com/wp-content/uploads/2016/01/inos38.jpg]
[inoscuisine.com/wp-content/uploads/2016/01/inos62.jpg]
[inoscuisine.com/wp-content/uploads/2016/01/inos63.jpg]
[inoscuisine.com/wp-content/uploads/2016/01/inos65.jpg]
[inoscuisine.com/wp-content/uploads/2016/01/inos67.jpg]
[inoscuisine.com/wp-content/uploads/2016/01/inos68.jpg]
[inoscuisine.com/wp-content/uploads/2016/01/inos701.jpg]
[inoscuisine.com/wp-content/uploads/2016/01/inos74.jpg]
[inoscuisine.com/wp-content/uploads/2016/01/inos75.jpg]
[inoscuisine.com/products-page/anniversary/sirloin-steak/index.html]
[inoscuisine.com/wp-json/oembed/1.0/embed215f.json]
[inoscuisine.com/wp-json/oembed/1.0/embed7a6e]
[inoscuisine.com/wp-content/uploads/2016/01/inos56.jpg]
[inoscuisine.com/wp-content/uploads/2016/01/inos51.jpg]
[inoscuisine.com/wp-content/uploads/2016/01/inos15.jpg]
[inoscuisine.com/wp-content/uploads/2016/01/inos43.jpg]
[inoscuisine.com/wp-content/uploads/2015/08/DSCF6389.jpg]
[inoscuisine.com/wp-content/uploads/2015/08/DSCF6390.jpg]
[inoscuisine.com/wp-content/uploads/2016/01/DSCF72091.jpg]
[inoscuisine.com/products-page/anniversary/inos-peking-duck-specialities/index.html]
[inoscuisine.com/wp-json/oembed/1.0/embedf03e.json]
[inoscuisine.com/wp-json/oembed/1.0/embeddc2a]
[inoscuisine.com/wp-content/uploads/2015/08/DSCF6379.jpg]
[inoscuisine.com/wp-content/uploads/2015/08/DSCF6364.jpg]
[inoscuisine.com/wp-content/uploads/2015/08/DSCF6357.jpg]
[inoscuisine.com/wp-content/uploads/2015/08/DSCF6345.jpg]
[inoscuisine.com/wp-content/uploads/2015/08/DSCF6371.jpg]
[inoscuisine.com/wp-content/uploads/2015/08/DSCF6332.jpg]
[inoscuisine.com/wp-content/uploads/2015/08/DSCF6336.jpg]
[inoscuisine.com/products-page/anniversary/premium-catering-bank-jateng-event-at-semarang/index.html]
[inoscuisine.com/wp-json/oembed/1.0/embede169.json]
[inoscuisine.com/wp-json/oembed/1.0/embed7191]
[inoscuisine.com/wp-content/uploads/2015/06/menucitruzprint-01.jpg]
[inoscuisine.com/wp-content/uploads/2015/06/swiss-belhotel.jpg]
[inoscuisine.com/wp-content/uploads/2015/06/mpytdrywr36jnsjekdku.jpg]
[inoscuisine.com/products-page/anniversary/now-we-are-at-zest-hotel-surabaya/index.html]
[inoscuisine.com/wp-json/oembed/1.0/embed7628.json]
[inoscuisine.com/wp-json/oembed/1.0/embed3fb7]
[inoscuisine.com/wp-content/uploads/2015/05/viande-bovine-paillard-avec-beurre-cafe-de-paris.jpg]
[inoscuisine.com/products-page/cuisine/beef-paillard-with-cafe-de-paris-butter/index.html]
[inoscuisine.com/wp-json/oembed/1.0/embedfad0.json]
[inoscuisine.com/wp-json/oembed/1.0/embed9b62]
[inoscuisine.com/wp-content/uploads/2015/05/tumblr_mjc5c2RbpR1s773u2o1_r1_1280-1.jpg]
[inoscuisine.com/products-page/cuisine/roast-lamb-cutlet-with-herbs-provencale/index.html]
[inoscuisine.com/wp-json/oembed/1.0/embedd92b.json]
[inoscuisine.com/wp-json/oembed/1.0/embed4e60]
[inoscuisine.com/wp-content/uploads/2015/05/steak.jpg]
[inoscuisine.com/products-page/cuisine/us-top-blade-with-shalot/index.html]
[inoscuisine.com/wp-json/oembed/1.0/embed0171.json]
[inoscuisine.com/wp-json/oembed/1.0/embed585b]
[inoscuisine.com/wp-content/uploads/2015/05/tumblr_mjc8gxPaaw1s773u2o4_r1_250.jpg]
[inoscuisine.com/products-page/cuisine/chicken-steak/index.html]
[inoscuisine.com/wp-json/oembed/1.0/embede34b.json]
[inoscuisine.com/wp-json/oembed/1.0/embedac00]
[inoscuisine.com/wp-content/uploads/2015/05/inos-steak.jpg]
[inoscuisine.com/products-page/cuisine/australian-sirloin-steak/index.html]
[inoscuisine.com/wp-json/oembed/1.0/embedcd0b.json]
[inoscuisine.com/wp-json/oembed/1.0/embed931f]
[inoscuisine.com/wp-content/uploads/2015/05/cotlettes-dagneau-roti-aux-herbes-de-provencale.jpg]
[inoscuisine.com/products-page/cuisine/inos-selection-of-steak/index.html]
[inoscuisine.com/wp-json/oembed/1.0/embedff0e.json]
[inoscuisine.com/wp-json/oembed/1.0/embed7c52]
[inoscuisine.com/wp-content/uploads/2015/05/fillet-de-saumon-grillade-aux-herbes-sauce-gribiche.jpg]
[inoscuisine.com/products-page/cuisine/grilled-salmon-with-herbs-with-gribiche-sauce/index.html]
[inoscuisine.com/wp-json/oembed/1.0/embed882f.json]
[inoscuisine.com/wp-json/oembed/1.0/embed3cc6]
[inoscuisine.com/wp-content/uploads/2015/05/gambas-a-la-provencale.jpg]
[inoscuisine.com/products-page/cuisine/grilled-prawn-with-provencale-butter/index.html]
[inoscuisine.com/wp-json/oembed/1.0/embed473d.json]
[inoscuisine.com/wp-json/oembed/1.0/embedc1ad]
[inoscuisine.com/wp-content/uploads/2015/05/dori-meuniere.jpg]
[inoscuisine.com/products-page/cuisine/dori-fillet-with-lemon-and-herbs-butter-sauce/index.html]
[inoscuisine.com/wp-json/oembed/1.0/embeddbba.json]
[inoscuisine.com/wp-json/oembed/1.0/embed9aff]
[inoscuisine.com/wp-content/uploads/2015/05/crepe-suzzete-e1432888727931.jpg]
[inoscuisine.com/products-page/dessert/crepe-suzzete/index.html]
[inoscuisine.com/wp-json/oembed/1.0/embedc283.json]
[inoscuisine.com/products-page/dessert/chocolate-mousse-with-mint-sauce/feed/index.html]
[inoscuisine.com/wp-json/oembed/1.0/embed1de3]
[inoscuisine.com/wp-content/uploads/2015/05/chocolate-marquise.jpg]
[inoscuisine.com/products-page/dessert/chocolate-mousse-with-mint-sauce/index.html]
[inoscuisine.com/wp-json/oembed/1.0/embed48f1.json]
[inoscuisine.com/wp-json/oembed/1.0/embed8695]
[inoscuisine.com/wp-content/uploads/2015/05/charlotte-de-fruits-au-coulis-de-framboises1-e1432888423475.jpg]
[inoscuisine.com/products-page/dessert/fruits-charlotte-with-raspberry-coulis/index.html]
[inoscuisine.com/wp-json/oembed/1.0/embed203b.json]
[inoscuisine.com/wp-json/oembed/1.0/embed3f2c]
[inoscuisine.com/wp-content/uploads/2015/05/croquembouche-mini-e1432888874323.jpg]
[inoscuisine.com/wp-content/uploads/2015/05/croquembouche-e1432888948278.jpg]
[inoscuisine.com/products-page/dessert/croquembouche/index.html]
[inoscuisine.com/wp-json/oembed/1.0/embedc9f3.json]
[inoscuisine.com/wp-json/oembed/1.0/embed93e8]
[inoscuisine.com/wp-content/uploads/2015/05/tarte-tatin-e1432889066504.jpg]
[inoscuisine.com/products-page/dessert/apple-tart-a-la-tatin/index.html]
[inoscuisine.com/wp-json/oembed/1.0/embed9a5a.json]
[inoscuisine.com/wp-json/oembed/1.0/embed5590]
[inoscuisine.com/wp-content/uploads/2015/05/tumblr_mix65acYCq1s773u2o1_1280-e1432889178611.jpg]
[inoscuisine.com/products-page/dessert/floating-island-creme-pudding-served-with-vanila-sauce/index.html]
[inoscuisine.com/index0012.html]
[inoscuisine.com/index6c46.html]
[inoscuisine.com/index0e62.html]
[inoscuisine.com/wp-content/themes/storefront-paper/fonts/quicksand.html]
[inoscuisine.com/wp-content/themes/storefront-paper/fonts/quicksand.svg]
[inoscuisine.com/wp-content/themes/storefront-paper/fonts/quicksand-regular.svg]
[inoscuisine.com/wp-content/themes/storefront-paper/fonts/fontello644e.svg]
[inoscuisine.com/wp-content/themes/storefront-paper/img/architecture/poolbar.html]
[inoscuisine.com/wp-content/themes/storefront-paper/img/architecture/out-divider.html]
[inoscuisine.com/wp-content/themes/storefront-paper/img/architecture/theater.html]
[inoscuisine.com/wp-content/themes/storefront-paper/img/architecture/in-divider.html]
[inoscuisine.com/wp-content/themes/storefront-paper/img/architecture/3spot.html]
[inoscuisine.com/wp-content/themes/storefront-paper/img/architecture/wine-holder.html]
[inoscuisine.com/wp-content/themes/storefront-paper/img/architecture/resident.html]
[inoscuisine.com/wp-content/themes/storefront-paper/img/architecture/museum.html]
[inoscuisine.com/wp-content/themes/storefront-paper/img/architecture/triangle.html]
[inoscuisine.com/wp-content/themes/storefront-paper/img/graphics/cards.html]
[inoscuisine.com/wp-content/themes/storefront-paper/img/graphics/cv.html]
[inoscuisine.com/wp-content/themes/storefront-paper/img/graphics/oltre.html]
[inoscuisine.com/wp-content/themes/storefront-paper/img/graphics/oltre-bar.html]
[inoscuisine.com/wp-content/themes/storefront-paper/img/graphics/thesis.html]
[inoscuisine.com/wp-content/themes/storefront-paper/img/graphics/menu.html]
[inoscuisine.com/wp-content/themes/storefront-paper/img/graphics/ventalia.html]
[inoscuisine.com/wp-content/themes/storefront-paper/img/graphics/logos.html]
[inoscuisine.com/wp-content/themes/storefront-paper/img/graphics/posters.html]
[inoscuisine.com/products-page/anniversary/feed/index.html]
[inoscuisine.com/products-page/cuisine/feed/index.html]
[inoscuisine.com/products-page/dessert/feed/index.html]
[inoscuisine.com/indexc807.html]
[inoscuisine.com/index1a93.html]
[inoscuisine.com/indexcf9a.html]
[inoscuisine.com/index50f6.html]
[inoscuisine.com/index0eba.html]
[inoscuisine.com/index85b3.html]
[inoscuisine.com/indexa80c.html]
[inoscuisine.com/indexb7c7.html]
[inoscuisine.com/indexff23.html]
[inoscuisine.com/indexee5b.html]
[inoscuisine.com/indexb4d2.html]
[inoscuisine.com/index1a26.html]
[inoscuisine.com/index9469.html]
[inoscuisine.com/index47f2.html]
[inoscuisine.com/index5070.html]
[inoscuisine.com/indexdb84.html]
[inoscuisine.com/index7737.html]
[inoscuisine.com/indexd78c.html]
[inoscuisine.com/index8820.html]
[inoscuisine.com/products-page/dessert/chocolate-mousse-with-mint-sauce/feed/index.html]
[inoscuisine.com/index6f72.html]
[inoscuisine.com/index460d.html]
[inoscuisine.com/indexc5eb.html]
[inoscuisine.com/index5401.html]
[inoscuisine.com/index65d2.html]
[inos.aksisoft.com/wp-content/uploads/2015/05/Home-front-04-e1432831946119.png]
[inos.aksisoft.com/wp-content/uploads/2015/05/inos-business-card-08-e1432830635593.png]
